-- The CXX compiler identification is GNU 11.4.0
-- Detecting CXX compiler ABI info
-- Detecting CXX compiler ABI info - done
-- Check for working CXX compiler: /usr/bin/c++ - skipped
-- Detecting CXX compile features
-- Detecting CXX compile features - done
-- Found ament_cmake: 1.3.12 (/opt/ros/humble/share/ament_cmake/cmake)
-- Found Python3: /usr/bin/python3 (found version "3.10.12") found components: Interpreter 
-- Found rclcpp: 16.0.14 (/opt/ros/humble/share/rclcpp/cmake)
-- Found rosidl_generator_c: 3.1.7 (/opt/ros/humble/share/rosidl_generator_c/cmake)
-- Found rosidl_adapter: 3.1.7 (/opt/ros/humble/share/rosidl_adapter/cmake)
-- Found rosidl_generator_cpp: 3.1.7 (/opt/ros/humble/share/rosidl_generator_cpp/cmake)
-- Using all available rosidl_typesupport_c: rosidl_typesupport_fastrtps_c;rosidl_typesupport_introspection_c
-- Using all available rosidl_typesupport_cpp: rosidl_typesupport_fastrtps_cpp;rosidl_typesupport_introspection_cpp
-- Found rmw_implementation_cmake: 6.1.2 (/opt/ros/humble/share/rmw_implementation_cmake/cmake)
-- Found rmw_fastrtps_cpp: 6.2.8 (/opt/ros/humble/share/rmw_fastrtps_cpp/cmake)
-- Found OpenSSL: /usr/lib/x86_64-linux-gnu/libcrypto.so (found version "3.0.2")  
-- Found FastRTPS: /opt/ros/humble/include  
-- Using RMW implementation 'rmw_fastrtps_cpp' as default
-- Looking for C++ include pthread.h
-- Looking for C++ include pthread.h - found
-- Performing Test CMAKE_HAVE_LIBC_PTHREAD
-- Performing Test CMAKE_HAVE_LIBC_PTHREAD - Success
-- Found Threads: TRUE  
-- Found sensor_msgs: 4.9.0 (/opt/ros/humble/share/sensor_msgs/cmake)
-- Found PkgConfig: /usr/bin/pkg-config (found version "0.29.2") 
-- Checking for module 'libavformat'
--   Found libavformat, version 58.76.100
-- Checking for module 'libavcodec'
--   Found libavcodec, version 58.134.100
-- Checking for module 'libavutil'
--   Found libavutil, version 56.70.100
-- Checking for module 'libswscale'
--   Found libswscale, version 5.9.100
-- Configuring done
-- Generating done
-- Build files have been written to: /home/auto/picture_p/build/h265_passthrough_pub
[ 50%] [32mBuilding CXX object CMakeFiles/h265_passthrough_pub.dir/src/h265_passthrough_pub.cpp.o[0m
[100%] [32m[1mLinking CXX executable h265_passthrough_pub[0m
[100%] Built target h265_passthrough_pub
-- Install configuration: ""
-- Installing: /home/auto/picture_p/install/h265_passthrough_pub/lib/h265_passthrough_pub/h265_passthrough_pub
-- Set runtime path of "/home/auto/picture_p/install/h265_passthrough_pub/lib/h265_passthrough_pub/h265_passthrough_pub" to ""
-- Installing: /home/auto/picture_p/install/h265_passthrough_pub/share/ament_index/resource_index/package_run_dependencies/h265_passthrough_pub
-- Installing: /home/auto/picture_p/install/h265_passthrough_pub/share/ament_index/resource_index/parent_prefix_path/h265_passthrough_pub
-- Installing: /home/auto/picture_p/install/h265_passthrough_pub/share/h265_passthrough_pub/environment/ament_prefix_path.sh
-- Installing: /home/auto/picture_p/install/h265_passthrough_pub/share/h265_passthrough_pub/environment/ament_prefix_path.dsv
-- Installing: /home/auto/picture_p/install/h265_passthrough_pub/share/h265_passthrough_pub/environment/path.sh
-- Installing: /home/auto/picture_p/install/h265_passthrough_pub/share/h265_passthrough_pub/environment/path.dsv
-- Installing: /home/auto/picture_p/install/h265_passthrough_pub/share/h265_passthrough_pub/local_setup.bash
-- Installing: /home/auto/picture_p/install/h265_passthrough_pub/share/h265_passthrough_pub/local_setup.sh
-- Installing: /home/auto/picture_p/install/h265_passthrough_pub/share/h265_passthrough_pub/local_setup.zsh
-- Installing: /home/auto/picture_p/install/h265_passthrough_pub/share/h265_passthrough_pub/local_setup.dsv
-- Installing: /home/auto/picture_p/install/h265_passthrough_pub/share/h265_passthrough_pub/package.dsv
-- Installing: /home/auto/picture_p/install/h265_passthrough_pub/share/ament_index/resource_index/packages/h265_passthrough_pub
-- Installing: /home/auto/picture_p/install/h265_passthrough_pub/share/h265_passthrough_pub/cmake/h265_passthrough_pubConfig.cmake
-- Installing: /home/auto/picture_p/install/h265_passthrough_pub/share/h265_passthrough_pub/cmake/h265_passthrough_pubConfig-version.cmake
-- Installing: /home/auto/picture_p/install/h265_passthrough_pub/share/h265_passthrough_pub/package.xml
