[0.005s] Invoking command in '/home/auto/picture_p/build/h265_passthrough_pub': CMAKE_PREFIX_PATH=${CMAKE_PREFIX_PATH}:/opt/ros/humble /usr/bin/cmake /home/auto/picture_p/src/h265_passthrough_pub -DCMAKE_INSTALL_PREFIX=/home/auto/picture_p/install/h265_passthrough_pub
[0.044s] -- The CXX compiler identification is GNU 11.4.0
[0.049s] -- Detecting CXX compiler ABI info
[0.139s] -- Detecting CXX compiler ABI info - done
[0.143s] -- Check for working CXX compiler: /usr/bin/c++ - skipped
[0.143s] -- Detecting CXX compile features
[0.143s] -- Detecting CXX compile features - done
[0.144s] -- Found ament_cmake: 1.3.12 (/opt/ros/humble/share/ament_cmake/cmake)
[0.241s] -- Found Python3: /usr/bin/python3 (found version "3.10.12") found components: Interpreter 
[0.280s] -- Found rclcpp: 16.0.14 (/opt/ros/humble/share/rclcpp/cmake)
[0.301s] -- Found rosidl_generator_c: 3.1.7 (/opt/ros/humble/share/rosidl_generator_c/cmake)
[0.303s] -- Found rosidl_adapter: 3.1.7 (/opt/ros/humble/share/rosidl_adapter/cmake)
[0.306s] -- Found rosidl_generator_cpp: 3.1.7 (/opt/ros/humble/share/rosidl_generator_cpp/cmake)
[0.311s] -- Using all available rosidl_typesupport_c: rosidl_typesupport_fastrtps_c;rosidl_typesupport_introspection_c
[0.318s] -- Using all available rosidl_typesupport_cpp: rosidl_typesupport_fastrtps_cpp;rosidl_typesupport_introspection_cpp
[0.336s] -- Found rmw_implementation_cmake: 6.1.2 (/opt/ros/humble/share/rmw_implementation_cmake/cmake)
[0.337s] -- Found rmw_fastrtps_cpp: 6.2.8 (/opt/ros/humble/share/rmw_fastrtps_cpp/cmake)
[0.387s] -- Found OpenSSL: /usr/lib/x86_64-linux-gnu/libcrypto.so (found version "3.0.2")  
[0.402s] -- Found FastRTPS: /opt/ros/humble/include  
[0.419s] -- Using RMW implementation 'rmw_fastrtps_cpp' as default
[0.422s] -- Looking for C++ include pthread.h
[0.470s] -- Looking for C++ include pthread.h - found
[0.470s] -- Performing Test CMAKE_HAVE_LIBC_PTHREAD
[0.547s] -- Performing Test CMAKE_HAVE_LIBC_PTHREAD - Success
[0.548s] -- Found Threads: TRUE  
[0.574s] -- Found sensor_msgs: 4.9.0 (/opt/ros/humble/share/sensor_msgs/cmake)
[0.589s] -- Found PkgConfig: /usr/bin/pkg-config (found version "0.29.2") 
[0.589s] -- Checking for module 'libavformat'
[0.597s] --   Found libavformat, version 58.76.100
[0.620s] -- Checking for module 'libavcodec'
[0.637s] --   Found libavcodec, version 58.134.100
[0.699s] -- Checking for module 'libavutil'
[0.727s] --   Found libavutil, version 56.70.100
[0.788s] -- Checking for module 'libswscale'
[0.814s] --   Found libswscale, version 5.9.100
[0.891s] -- Configuring done
[0.896s] -- Generating done
[0.897s] -- Build files have been written to: /home/auto/picture_p/build/h265_passthrough_pub
[0.902s] Invoked command in '/home/auto/picture_p/build/h265_passthrough_pub' returned '0': CMAKE_PREFIX_PATH=${CMAKE_PREFIX_PATH}:/opt/ros/humble /usr/bin/cmake /home/auto/picture_p/src/h265_passthrough_pub -DCMAKE_INSTALL_PREFIX=/home/auto/picture_p/install/h265_passthrough_pub
[0.903s] Invoking command in '/home/auto/picture_p/build/h265_passthrough_pub': CMAKE_PREFIX_PATH=${CMAKE_PREFIX_PATH}:/opt/ros/humble /usr/bin/cmake --build /home/auto/picture_p/build/h265_passthrough_pub -- -j20 -l20
[0.950s] [ 50%] [32mBuilding CXX object CMakeFiles/h265_passthrough_pub.dir/src/h265_passthrough_pub.cpp.o[0m
[2.927s] [100%] [32m[1mLinking CXX executable h265_passthrough_pub[0m
[3.084s] [100%] Built target h265_passthrough_pub
[3.091s] Invoked command in '/home/auto/picture_p/build/h265_passthrough_pub' returned '0': CMAKE_PREFIX_PATH=${CMAKE_PREFIX_PATH}:/opt/ros/humble /usr/bin/cmake --build /home/auto/picture_p/build/h265_passthrough_pub -- -j20 -l20
[3.096s] Invoking command in '/home/auto/picture_p/build/h265_passthrough_pub': CMAKE_PREFIX_PATH=${CMAKE_PREFIX_PATH}:/opt/ros/humble /usr/bin/cmake --install /home/auto/picture_p/build/h265_passthrough_pub
[3.100s] -- Install configuration: ""
[3.100s] -- Installing: /home/auto/picture_p/install/h265_passthrough_pub/lib/h265_passthrough_pub/h265_passthrough_pub
[3.101s] -- Set runtime path of "/home/auto/picture_p/install/h265_passthrough_pub/lib/h265_passthrough_pub/h265_passthrough_pub" to ""
[3.101s] -- Installing: /home/auto/picture_p/install/h265_passthrough_pub/share/ament_index/resource_index/package_run_dependencies/h265_passthrough_pub
[3.101s] -- Installing: /home/auto/picture_p/install/h265_passthrough_pub/share/ament_index/resource_index/parent_prefix_path/h265_passthrough_pub
[3.101s] -- Installing: /home/auto/picture_p/install/h265_passthrough_pub/share/h265_passthrough_pub/environment/ament_prefix_path.sh
[3.101s] -- Installing: /home/auto/picture_p/install/h265_passthrough_pub/share/h265_passthrough_pub/environment/ament_prefix_path.dsv
[3.101s] -- Installing: /home/auto/picture_p/install/h265_passthrough_pub/share/h265_passthrough_pub/environment/path.sh
[3.101s] -- Installing: /home/auto/picture_p/install/h265_passthrough_pub/share/h265_passthrough_pub/environment/path.dsv
[3.101s] -- Installing: /home/auto/picture_p/install/h265_passthrough_pub/share/h265_passthrough_pub/local_setup.bash
[3.101s] -- Installing: /home/auto/picture_p/install/h265_passthrough_pub/share/h265_passthrough_pub/local_setup.sh
[3.101s] -- Installing: /home/auto/picture_p/install/h265_passthrough_pub/share/h265_passthrough_pub/local_setup.zsh
[3.101s] -- Installing: /home/auto/picture_p/install/h265_passthrough_pub/share/h265_passthrough_pub/local_setup.dsv
[3.101s] -- Installing: /home/auto/picture_p/install/h265_passthrough_pub/share/h265_passthrough_pub/package.dsv
[3.101s] -- Installing: /home/auto/picture_p/install/h265_passthrough_pub/share/ament_index/resource_index/packages/h265_passthrough_pub
[3.101s] -- Installing: /home/auto/picture_p/install/h265_passthrough_pub/share/h265_passthrough_pub/cmake/h265_passthrough_pubConfig.cmake
[3.101s] -- Installing: /home/auto/picture_p/install/h265_passthrough_pub/share/h265_passthrough_pub/cmake/h265_passthrough_pubConfig-version.cmake
[3.101s] -- Installing: /home/auto/picture_p/install/h265_passthrough_pub/share/h265_passthrough_pub/package.xml
[3.103s] Invoked command in '/home/auto/picture_p/build/h265_passthrough_pub' returned '0': CMAKE_PREFIX_PATH=${CMAKE_PREFIX_PATH}:/opt/ros/humble /usr/bin/cmake --install /home/auto/picture_p/build/h265_passthrough_pub
